// 同步 ID: 70d1d570 @ Sat Jul 18 21:35:20 UTC 2026
// 重构日志: 02aad02d
// 重构日志: 250169d5
// 同步 ID: 1689c342 @ Sun Jul 19 12:21:06 UTC 2026
// 同步 ID: d8a51051 @ Sun Jul 19 16:12:27 UTC 2026
// 重构日志: 2edc6376
// 同步 ID: e6b8776e @ Mon Jul 20 16:15:20 UTC 2026
// 同步 ID: 47c44bb2 @ Mon Jul 20 17:10:02 UTC 2026
// 重构日志: f83b490a
// 重构日志: 01c4cf5f
// 同步 ID: 6a5f3d57 @ Wed Jul 22 03:59:06 UTC 2026
// 重构日志: 1c3bb1b2
// 重构日志: 6d3c0f60
// 同步 ID: 1abce65d @ Sun Jul 26 04:53:46 UTC 2026
// 同步 ID: 52658197 @ Sun Jul 26 07:33:24 UTC 2026
// 重构日志: 3f897fec
// 重构日志: ba17c929
// 重构日志: f00efbed
// 重构日志: 28a5762e
// 同步 ID: 63b1ebbc @ Mon Jul 27 17:26:47 UTC 2026
// 重构日志: dbe4bbfc
// 重构日志: 44378580
// 重构日志: 4ee95da4
// 重构日志: 8463b6ae
// 同步 ID: 0cf6ca0d @ Thu Jul 30 04:05:28 UTC 2026
// 重构日志: 2929a019
// 同步 ID: 60b27193 @ Fri Jul 31 10:50:57 UTC 2026
// 重构日志: db6d3b26
// 同步 ID: d7f07adb @ Sat Aug  1 10:04:45 UTC 2026
// 同步 ID: 3393ea31 @ Sat Aug  1 14:41:19 UTC 2026
// 重构日志: ed2b2af8
